LISTING FOR LOGIC DESCRIPTION FILE: DISPRAMROMDECODE.pld             Page 1

CUPL(WM): Universal Compiler for Programmable Logic
Version 5.0a Serial# 60008009
Copyright (c) 1983, 1998 Logical Devices, Inc.
Created Sun Apr 07 12:14:50 2024

  1:Name      DispRAMROMDecode;
  2:Partno    ;
  3:Date      28/12/2023;
  4:Revision  0.1;
  5:Designer  PM;
  6:Company   ;
  7:Assembly  ;
  8:Location  ;
  9:Device    g16v8;
 10:
 11:
 12:/** Inputs **/
 13:Pin 1 = LA13;
 14:Pin 2 = LA14;
 15:Pin 3 = LA15;
 16:Pin 4 = LA16;
 17:Pin 5 = LA17;
 18:Pin 6 = LA18;
 19:Pin 7 = LA19;
 20:Pin 8 = LA20;
 21:Pin 9 = LA21;
 22:Pin 12 = nBUFCTL;
 23:Pin 13 = nLBS_MEM;
 24:
 25:/** Outputs **/
 26:Pin 19 = RAM_EN;
 27:Pin 18 = ROM_EN;
 28:Pin 17 = CHAR_DISP_EN;
 29:Pin 16 = DISP_LED;
 30:Pin 15 = ROM_LED;
 31:Pin 14 = RAM_LED;
 32:
 33:/** Logic equations **/
 34:/** RAM 0x0000 to 0x7FFF **/
 35:!RAM_EN       = !nLBS_MEM & !LA15;
 36:!RAM_LED      = !nLBS_MEM & !LA15;
 37:
 38:/** Display 0x6000 to 0x7FFF, WRITE ONLY, so readable from RAM **/
 39:CHAR_DISP_EN  = !nLBS_MEM & !LA15 & LA14 & LA13;
 40:!DISP_LED     = !nLBS_MEM & !LA15 & LA14 & LA13;
 41:
 42:/** ROM 0x8000 to 0xBFFF */
 43:!ROM_EN       = !nLBS_MEM & !nBUFCTL & LA15 & !LA14;
 44:!ROM_LED      = !nLBS_MEM & !nBUFCTL & LA15 & !LA14;
 45:
 46:/** Matrix Display 0xC000 to 0xDFFF **/
 47:/*MatrixEN    = !nLBS_MEM & !nBUFCTL & LA15 & LA14 & !LA13;*/
 48:
 49:/** SPARE 0xE000 to 0xFFFF **/
 50:/*SpareEN    = !nLBS_MEM & !nBUFCTL & LA15 & LA14 & !LA13;*/
 51:
 52:
 53:

LISTING FOR LOGIC DESCRIPTION FILE: DISPRAMROMDECODE.pld             Page 2

CUPL(WM): Universal Compiler for Programmable Logic
Version 5.0a Serial# 60008009
Copyright (c) 1983, 1998 Logical Devices, Inc.
Created Sun Apr 07 12:14:50 2024

 54:
 55:
 56:
 57:
 58:
 59:
 60:



Jedec Fuse Checksum       (1ce7)
Jedec Transmit Checksum   (9745)
